[    2090ms] [WARNING] Failed to get version from mount config @ https://cdn.jsdelivr.net/npm/@marimo-team/islands@0.23.4/dist/button-CA5pI2YF.js:38
[    2091ms] [LOG] Initializing 17 island(s) @ https://cdn.jsdelivr.net/npm/@marimo-team/islands@0.23.4/dist/button-CA5pI2YF.js:35
[   22145ms] [ERROR] Failed to start session for app main: Error: RPC request timed out.
    at https://cdn.jsdelivr.net/npm/@marimo-team/islands@0.23.4/dist/main.js:46380:28 @ https://cdn.jsdelivr.net/npm/@marimo-team/islands@0.23.4/dist/button-CA5pI2YF.js:41
[   24348ms] [LOG] [py] Starting marimo... @ https://cdn.jsdelivr.net/pyodide/v0.27.7/full/pyodide.asm.js:9
[   25290ms] [LOG] Loading Pygments, docutils, jedi, joblib, numpy, openblas, parso, polars, pyodide-http, scikit-learn, scipy, threadpoolctl @ https://cdn.jsdelivr.net/npm/@marimo-team/islands@0.23.4/dist/assets/worker-D-EdLKct.js:2
[   36940ms] [LOG] Loaded Pygments, docutils, jedi, joblib, numpy, openblas, parso, polars, pyodide-http, scikit-learn, scipy, threadpoolctl @ https://cdn.jsdelivr.net/npm/@marimo-team/islands@0.23.4/dist/assets/worker-D-EdLKct.js:2
[   39303ms] [LOG] %c[STDERR] color:red; padding:2px 0; border-radius:2px; font-weight:bold [10:25:11 pm] (vblA) Traceback (most recent call last):
  File "/tmp/marimo_42/__marimo__cell_vblA_.py", line 5, in <module>
    from uncertainty_flow.metrics import coverage_score, winkler_score
ModuleNotFoundError: No module named 'uncertainty_flow'

 @ https://cdn.jsdelivr.net/npm/@marimo-team/islands@0.23.4/dist/html-to-image-CzFE0Irw.js:25626
[   39304ms] [LOG] %c[STDERR] color:red; padding:2px 0; border-radius:2px; font-weight:bold [10:25:11 pm] (vblA) {"type":"exception","msg":"No module named 'uncertainty_flow'","exception_type":"ModuleNotFoundError","raising_cell":null,"traceback":null} @ https://cdn.jsdelivr.net/npm/@marimo-team/islands@0.23.4/dist/html-to-image-CzFE0Irw.js:25626
[   39337ms] [LOG] %c[STDERR] color:red; padding:2px 0; border-radius:2px; font-weight:bold [10:25:11 pm] (iLit) {"type":"exception","msg":"An ancestor raised an exception (ModuleNotFoundError): ","exception_type":"Ancestor raised","raising_cell":"vblA","traceback":null} @ https://cdn.jsdelivr.net/npm/@marimo-team/islands@0.23.4/dist/html-to-image-CzFE0Irw.js:25626
[   39337ms] [LOG] %c[STDERR] color:red; padding:2px 0; border-radius:2px; font-weight:bold [10:25:11 pm] (nWHF) {"type":"exception","msg":"An ancestor raised an exception (ModuleNotFoundError): ","exception_type":"Ancestor raised","raising_cell":"vblA","traceback":null} @ https://cdn.jsdelivr.net/npm/@marimo-team/islands@0.23.4/dist/html-to-image-CzFE0Irw.js:25626
[   39338ms] [LOG] %c[STDERR] color:red; padding:2px 0; border-radius:2px; font-weight:bold [10:25:11 pm] (Hstk) {"type":"exception","msg":"An ancestor raised an exception (ModuleNotFoundError): ","exception_type":"Ancestor raised","raising_cell":"vblA","traceback":null} @ https://cdn.jsdelivr.net/npm/@marimo-team/islands@0.23.4/dist/html-to-image-CzFE0Irw.js:25626
[   39338ms] [LOG] %c[STDERR] color:red; padding:2px 0; border-radius:2px; font-weight:bold [10:25:11 pm] (ZHCJ) {"type":"exception","msg":"An ancestor raised an exception (ModuleNotFoundError): ","exception_type":"Ancestor raised","raising_cell":"vblA","traceback":null} @ https://cdn.jsdelivr.net/npm/@marimo-team/islands@0.23.4/dist/html-to-image-CzFE0Irw.js:25626
[   39338ms] [LOG] %c[STDERR] color:red; padding:2px 0; border-radius:2px; font-weight:bold [10:25:11 pm] (Kclp) {"type":"exception","msg":"An ancestor raised an exception (ModuleNotFoundError): ","exception_type":"Ancestor raised","raising_cell":"vblA","traceback":null} @ https://cdn.jsdelivr.net/npm/@marimo-team/islands@0.23.4/dist/html-to-image-CzFE0Irw.js:25626
[   39338ms] [LOG] %c[STDERR] color:red; padding:2px 0; border-radius:2px; font-weight:bold [10:25:11 pm] (BYtC) {"type":"exception","msg":"An ancestor raised an exception (ModuleNotFoundError): ","exception_type":"Ancestor raised","raising_cell":"vblA","traceback":null} @ https://cdn.jsdelivr.net/npm/@marimo-team/islands@0.23.4/dist/html-to-image-CzFE0Irw.js:25626
[   39338ms] [LOG] %c[STDERR] color:red; padding:2px 0; border-radius:2px; font-weight:bold [10:25:11 pm] (PKri) {"type":"exception","msg":"An ancestor raised an exception (ModuleNotFoundError): ","exception_type":"Ancestor raised","raising_cell":"vblA","traceback":null} @ https://cdn.jsdelivr.net/npm/@marimo-team/islands@0.23.4/dist/html-to-image-CzFE0Irw.js:25626
[   39339ms] [LOG] %c[STDERR] color:red; padding:2px 0; border-radius:2px; font-weight:bold [10:25:11 pm] (bkHC) {"type":"exception","msg":"An ancestor raised an exception (ModuleNotFoundError): ","exception_type":"Ancestor raised","raising_cell":"vblA","traceback":null} @ https://cdn.jsdelivr.net/npm/@marimo-team/islands@0.23.4/dist/html-to-image-CzFE0Irw.js:25626
[   39339ms] [LOG] %c[STDERR] color:red; padding:2px 0; border-radius:2px; font-weight:bold [10:25:11 pm] (emfo) {"type":"exception","msg":"An ancestor raised an exception (ModuleNotFoundError): ","exception_type":"Ancestor raised","raising_cell":"vblA","traceback":null} @ https://cdn.jsdelivr.net/npm/@marimo-team/islands@0.23.4/dist/html-to-image-CzFE0Irw.js:25626
[   39339ms] [LOG] %c[STDERR] color:red; padding:2px 0; border-radius:2px; font-weight:bold [10:25:11 pm] (SFPL) {"type":"exception","msg":"An ancestor raised an exception (ModuleNotFoundError): ","exception_type":"Ancestor raised","raising_cell":"vblA","traceback":null} @ https://cdn.jsdelivr.net/npm/@marimo-team/islands@0.23.4/dist/html-to-image-CzFE0Irw.js:25626
[   39339ms] [LOG] %c[STDERR] color:red; padding:2px 0; border-radius:2px; font-weight:bold [10:25:11 pm] (RGSE) {"type":"exception","msg":"An ancestor raised an exception (ModuleNotFoundError): ","exception_type":"Ancestor raised","raising_cell":"vblA","traceback":null} @ https://cdn.jsdelivr.net/npm/@marimo-team/islands@0.23.4/dist/html-to-image-CzFE0Irw.js:25626
[  275939ms] [WARNING] Failed to get version from mount config @ https://cdn.jsdelivr.net/npm/@marimo-team/islands@0.23.4/dist/button-CA5pI2YF.js:38
[  275940ms] [LOG] Initializing 17 island(s) @ https://cdn.jsdelivr.net/npm/@marimo-team/islands@0.23.4/dist/button-CA5pI2YF.js:35
[  276795ms] [LOG] [py] Starting marimo... @ https://cdn.jsdelivr.net/pyodide/v0.27.7/full/pyodide.asm.js:9
[  277721ms] [LOG] Loading Pygments, docutils, jedi, joblib, numpy, openblas, parso, polars, pyodide-http, scikit-learn, scipy, threadpoolctl @ https://cdn.jsdelivr.net/npm/@marimo-team/islands@0.23.4/dist/assets/worker-D-EdLKct.js:2
[  278675ms] [LOG] Loaded Pygments, docutils, jedi, joblib, numpy, openblas, parso, polars, pyodide-http, scikit-learn, scipy, threadpoolctl @ https://cdn.jsdelivr.net/npm/@marimo-team/islands@0.23.4/dist/assets/worker-D-EdLKct.js:2
[  281015ms] [LOG] %c[STDERR] color:red; padding:2px 0; border-radius:2px; font-weight:bold [10:29:13 pm] (vblA) Traceback (most recent call last):
  File "/tmp/marimo_42/__marimo__cell_vblA_.py", line 5, in <module>
    from uncertainty_flow.metrics import coverage_score, winkler_score
ModuleNotFoundError: No module named 'uncertainty_flow'

 @ https://cdn.jsdelivr.net/npm/@marimo-team/islands@0.23.4/dist/html-to-image-CzFE0Irw.js:25626
[  281016ms] [LOG] %c[STDERR] color:red; padding:2px 0; border-radius:2px; font-weight:bold [10:29:13 pm] (vblA) {"type":"exception","msg":"No module named 'uncertainty_flow'","exception_type":"ModuleNotFoundError","raising_cell":null,"traceback":null} @ https://cdn.jsdelivr.net/npm/@marimo-team/islands@0.23.4/dist/html-to-image-CzFE0Irw.js:25626
[  281045ms] [LOG] %c[STDERR] color:red; padding:2px 0; border-radius:2px; font-weight:bold [10:29:13 pm] (iLit) {"type":"exception","msg":"An ancestor raised an exception (ModuleNotFoundError): ","exception_type":"Ancestor raised","raising_cell":"vblA","traceback":null} @ https://cdn.jsdelivr.net/npm/@marimo-team/islands@0.23.4/dist/html-to-image-CzFE0Irw.js:25626
[  281045ms] [LOG] %c[STDERR] color:red; padding:2px 0; border-radius:2px; font-weight:bold [10:29:13 pm] (BYtC) {"type":"exception","msg":"An ancestor raised an exception (ModuleNotFoundError): ","exception_type":"Ancestor raised","raising_cell":"vblA","traceback":null} @ https://cdn.jsdelivr.net/npm/@marimo-team/islands@0.23.4/dist/html-to-image-CzFE0Irw.js:25626
[  281045ms] [LOG] %c[STDERR] color:red; padding:2px 0; border-radius:2px; font-weight:bold [10:29:13 pm] (Hstk) {"type":"exception","msg":"An ancestor raised an exception (ModuleNotFoundError): ","exception_type":"Ancestor raised","raising_cell":"vblA","traceback":null} @ https://cdn.jsdelivr.net/npm/@marimo-team/islands@0.23.4/dist/html-to-image-CzFE0Irw.js:25626
[  281045ms] [LOG] %c[STDERR] color:red; padding:2px 0; border-radius:2px; font-weight:bold [10:29:13 pm] (nWHF) {"type":"exception","msg":"An ancestor raised an exception (ModuleNotFoundError): ","exception_type":"Ancestor raised","raising_cell":"vblA","traceback":null} @ https://cdn.jsdelivr.net/npm/@marimo-team/islands@0.23.4/dist/html-to-image-CzFE0Irw.js:25626
[  281046ms] [LOG] %c[STDERR] color:red; padding:2px 0; border-radius:2px; font-weight:bold [10:29:13 pm] (PKri) {"type":"exception","msg":"An ancestor raised an exception (ModuleNotFoundError): ","exception_type":"Ancestor raised","raising_cell":"vblA","traceback":null} @ https://cdn.jsdelivr.net/npm/@marimo-team/islands@0.23.4/dist/html-to-image-CzFE0Irw.js:25626
[  281046ms] [LOG] %c[STDERR] color:red; padding:2px 0; border-radius:2px; font-weight:bold [10:29:13 pm] (bkHC) {"type":"exception","msg":"An ancestor raised an exception (ModuleNotFoundError): ","exception_type":"Ancestor raised","raising_cell":"vblA","traceback":null} @ https://cdn.jsdelivr.net/npm/@marimo-team/islands@0.23.4/dist/html-to-image-CzFE0Irw.js:25626
[  281046ms] [LOG] %c[STDERR] color:red; padding:2px 0; border-radius:2px; font-weight:bold [10:29:13 pm] (RGSE) {"type":"exception","msg":"An ancestor raised an exception (ModuleNotFoundError): ","exception_type":"Ancestor raised","raising_cell":"vblA","traceback":null} @ https://cdn.jsdelivr.net/npm/@marimo-team/islands@0.23.4/dist/html-to-image-CzFE0Irw.js:25626
[  281046ms] [LOG] %c[STDERR] color:red; padding:2px 0; border-radius:2px; font-weight:bold [10:29:13 pm] (SFPL) {"type":"exception","msg":"An ancestor raised an exception (ModuleNotFoundError): ","exception_type":"Ancestor raised","raising_cell":"vblA","traceback":null} @ https://cdn.jsdelivr.net/npm/@marimo-team/islands@0.23.4/dist/html-to-image-CzFE0Irw.js:25626
[  281046ms] [LOG] %c[STDERR] color:red; padding:2px 0; border-radius:2px; font-weight:bold [10:29:13 pm] (ZHCJ) {"type":"exception","msg":"An ancestor raised an exception (ModuleNotFoundError): ","exception_type":"Ancestor raised","raising_cell":"vblA","traceback":null} @ https://cdn.jsdelivr.net/npm/@marimo-team/islands@0.23.4/dist/html-to-image-CzFE0Irw.js:25626
[  281046ms] [LOG] %c[STDERR] color:red; padding:2px 0; border-radius:2px; font-weight:bold [10:29:13 pm] (emfo) {"type":"exception","msg":"An ancestor raised an exception (ModuleNotFoundError): ","exception_type":"Ancestor raised","raising_cell":"vblA","traceback":null} @ https://cdn.jsdelivr.net/npm/@marimo-team/islands@0.23.4/dist/html-to-image-CzFE0Irw.js:25626
[  281046ms] [LOG] %c[STDERR] color:red; padding:2px 0; border-radius:2px; font-weight:bold [10:29:13 pm] (Kclp) {"type":"exception","msg":"An ancestor raised an exception (ModuleNotFoundError): ","exception_type":"Ancestor raised","raising_cell":"vblA","traceback":null} @ https://cdn.jsdelivr.net/npm/@marimo-team/islands@0.23.4/dist/html-to-image-CzFE0Irw.js:25626
